[1;32m>>> === Phase 6: Assembling rootfs ===[0m
[1;32m>>> Rootfs assembled.[0m
777 build/sysroot/etc/init.d/rcS
777 build/sysroot/etc/init.d/scene-desktop
[1;32m>>> === Phase 7: Building initramfs ===[0m
/workspaces/scene-store-os/iso
[1;32m>>> initramfs done: /workspaces/scene-store-os/iso/build/initramfs-6.6.52.cpio.gz[0m
[1;32m>>> === Phase 8: Building ISO ===[0m
xorriso 1.5.6 : RockRidge filesystem manipulator, libburnia project.

Drive current: -outdev 'stdio:/workspaces/scene-store-os/iso/output/iso-custom-6.6.52.iso'
Media current: stdio file, overwriteable
Media status : is blank
Media summary: 0 sessions, 0 data blocks, 0 data, 16.8g free
Added to ISO image: directory '/'='/tmp/grub.pqbumq'
xorriso : UPDATE :     295 files added in 1 seconds
Added to ISO image: directory '/'='/workspaces/scene-store-os/iso/build/iso_root'
xorriso : UPDATE :     300 files added in 1 seconds
xorriso : NOTE : Copying to System Area: 512 bytes from file '/usr/lib/grub/i386-pc/boot_hybrid.img'
ISO image produced: 12490 sectors
Written to medium : 12490 sectors at LBA 0
Writing to 'stdio:/workspaces/scene-store-os/iso/output/iso-custom-6.6.52.iso' completed successfully.

[1;32m>>> ISO created: /workspaces/scene-store-os/iso/output/iso-custom-6.6.52.iso[0m
-rw-rw-rw- 1 root root 25M Aug 10 11:07 /workspaces/scene-store-os/iso/output/iso-custom-6.6.52.iso
QEMU 8.2.2 monitor - type 'help' for more information
(qemu) s[K[Dsc[K[D[Dscr[K[D[D[Dscre[K[D[D[D[Dscree[K[D[D[D[D[Dscreen[K[D[D[D[D[D[Dscreend[K[D[D[D[D[D[D[Dscreendu[K[D[D[D[D[D[D[D[Dscreendum[K[D[D[D[D[D[D[D[D[Dscreendump[K[D[D[D[D[D[D[D[D[D[Dscreendump [K[D[D[D[D[D[D[D[D[D[D[Dscreendump /[K[D[D[D[D[D[D[D[D[D[D[D[Dscreendump /t[K[D[D[D[D[D[D[D[D[D[D[D[D[Dscreendump /tm[K[D[D[D[D[D[D[D[D[D[D[D[D[D[Dscreendump /tmp[K[D[D[D[D[D[D[D[D[D[D[D[D[D[D[Dscreendump /tmp/[K[D[D[D[D[D[D[D[D[D[D[D[D[D[D[D[Dscreendump /tmp/s[K[D[D[D[D[D[D[D[D[D[D[D[D[D[D[D[D[Dscreendump /tmp/sc[K[D[D[D[D[D[D[D[D[D[D[D[D[D[D[D[D[D[Dscreendump /tmp/scr[K[D[D[D[D[D[D[D[D[D[D[D[D[D[D[D[D[D[D[Dscreendump /tmp/scr4[K[D[D[D[D[D[D[D[D[D[D[D[D[D[D[D[D[D[D[D[Dscreendump /tmp/scr4.[K[D[D[D[D[D[D[D[D[D[D[D[D[D[D[D[D[D[D[D[D[Dscreendump /tmp/scr4.p[K[D[D[D[D[D[D[D[D[D[D[D[D[D[D[D[D[D[D[D[D[D[Dscreendump /tmp/scr4.pn[K[D[D[D[D[D[D[D[D[D[D[D[D[D[D[D[D[D[D[D[D[D[D[Dscreendump /tmp/scr4.png[K
(qemu) CMD_CYCLE_7_DONE
