[H[J[1;1H[?25l[m[H[J[1;1H[2;30HGNU GRUB  version 2.12

[m[4;2H+----------------------------------------------------------------------------+[5;2H|[5;79H|[6;2H|[6;79H|[7;2H|[7;79H|[8;2H|[8;79H|[9;2H|[9;79H|[10;2H|[10;79H|[11;2H|[11;79H|[12;2H|[12;79H|[13;2H|[13;79H|[14;2H|[14;79H|[15;2H|[15;79H|[16;2H|[16;79H|[17;2H+----------------------------------------------------------------------------+[m[18;2H[19;2H[m     Use the ^ and v keys to select which entry is highlighted.          
      Press enter to boot the selected OS, `e' to edit the commands       
      before booting or `c' for a command-line.                           [5;80H [7m[5;3H*ISO Linux                                                                  [m[5;78H[m[m[6;3H ISO Linux (RAM mode)                                                       [m[6;78H[m[m[7;3H ISO Linux (safe graphics)                                                  [m[7;78H[m[m[8;3H ISO Linux (verbose)                                                        [m[8;78H[m[m[9;3H                                                                            [m[9;78H[m[m[10;3H                                                                            [m[10;78H[m[m[11;3H                                                                            [m[11;78H[m[m[12;3H                                                                            [m[12;78H[m[m[13;3H                                                                            [m[13;78H[m[m[14;3H                                                                            [m[14;78H[m[m[15;3H                                                                            [m[15;78H[m[m[16;3H                                                                            [m[16;78H[m[16;80H [5;78H[22;1H   The highlighted entry will be executed automatically in 3s.                 [5;78H[22;1H   The highlighted entry will be executed automatically in 2s.                 [5;78H[22;1H   The highlighted entry will be executed automatically in 1s.                 [5;78H[22;1H   The highlighted entry will be executed automatically in 0s.                 [5;78H[?25h[H[J[1;1H[H[J[1;1H[    0.000000] Linux version 6.6.52 (root@codespaces-db0244) (gcc (Ubuntu 13.3.0-6ubuntu2~24.04.1) 13.3.0, GNU ld (GNU Binutils for Ubuntu) 2.42) #2 SMP PREEMPT_DYNAMIC Sun Aug  9 08:46:28 UTC 2026
[    0.000000] Command line: BOOT_IMAGE=/boot/vmlinuz-6.6.52 root=UUID=auto rw console=tty1 console=ttyS0,115200 loglevel=7
[    0.000000] BIOS-provided physical RAM map:
[    0.000000] BIOS-e820: [mem 0x0000000000000000-0x000000000009fbff] usable
[    0.000000] BIOS-e820: [mem 0x000000000009fc00-0x000000000009ffff] reserved
[    0.000000] BIOS-e820: [mem 0x00000000000f0000-0x00000000000fffff] reserved
[    0.000000] BIOS-e820: [mem 0x0000000000100000-0x000000003ffdffff] usable
[    0.000000] BIOS-e820: [mem 0x000000003ffe0000-0x000000003fffffff] reserved
[    0.000000] BIOS-e820: [mem 0x00000000fffc0000-0x00000000ffffffff] reserved
[    0.000000] BIOS-e820: [mem 0x000000fd00000000-0x000000ffffffffff] reserved
[    0.000000] NX (Execute Disable) protection: active
[    0.000000] APIC: Static calls initialized
[    0.000000] SMBIOS 3.0.0 present.
[    0.000000] DMI: QEMU Ubuntu 24.04 PC v2 (i440FX + PIIX, arch_caps fix, 1996), BIOS 1.16.3-debian-1.16.3-2 04/01/2014
[    0.000000] tsc: Fast TSC calibration using PIT
[    0.000000] tsc: Detected 2445.430 MHz processor
[    0.009146] last_pfn = 0x3ffe0 max_arch_pfn = 0x400000000
[    0.009819] MTRR map: 4 entries (3 fixed + 1 variable; max 19), built from 8 variable MTRRs
[    0.009988] x86/PAT: Configuration [0-7]: WB  WC  UC- UC  WB  WP  UC- WT  
[    0.026197] found SMP MP-table at [mem 0x000f5480-0x000f548f]
[    0.031408] RAMDISK: [mem 0x378e7000-0x37c6afff]
[    0.032154] ACPI: Early table checksum verification disabled
[    0.032755] ACPI: RSDP 0x00000000000F5290 000014 (v00 BOCHS )
[    0.033199] ACPI: RSDT 0x000000003FFE1CAD 000034 (v01 BOCHS  BXPC     00000001 BXPC 00000001)
[    0.034116] ACPI: FACP 0x000000003FFE1B59 000074 (v01 BOCHS  BXPC     00000001 BXPC 00000001)
[    0.035108] ACPI: DSDT 0x000000003FFE0040 001B19 (v01 BOCHS  BXPC     00000001 BXPC 00000001)
[    0.035248] ACPI: FACS 0x000000003FFE0000 000040
[    0.035332] ACPI: APIC 0x000000003FFE1BCD 000080 (v03 BOCHS  BXPC     00000001 BXPC 00000001)
[    0.035371] ACPI: HPET 0x000000003FFE1C4D 000038 (v01 BOCHS  BXPC     00000001 BXPC 00000001)
[    0.035408] ACPI: WAET 0x000000003FFE1C85 000028 (v01 BOCHS  BXPC     00000001 BXPC 00000001)
[    0.035533] ACPI: Reserving FACP table memory at [mem 0x3ffe1b59-0x3ffe1bcc]
[    0.035565] ACPI: Reserving DSDT table memory at [mem 0x3ffe0040-0x3ffe1b58]
[    0.035577] ACPI: Reserving FACS table memory at [mem 0x3ffe0000-0x3ffe003f]
[    0.035611] ACPI: Reserving APIC table memory at [mem 0x3ffe1bcd-0x3ffe1c4c]
[    0.035622] ACPI: Reserving HPET table memory at [mem 0x3ffe1c4d-0x3ffe1c84]
[    0.035634] ACPI: Reserving WAET table memory at [mem 0x3ffe1c85-0x3ffe1cac]
[    0.038646] No NUMA configuration found
[    0.038681] Faking a node at [mem 0x0000000000000000-0x000000003ffdffff]
[    0.039495] NODE_DATA(0) allocated [mem 0x3ffdc000-0x3ffdffff]
[    0.047702] Zone ranges:
[    0.047732]   DMA      [mem 0x0000000000001000-0x0000000000ffffff]
[    0.047805]   DMA32    [mem 0x0000000001000000-0x000000003ffdffff]
[    0.047816]   Normal   empty
[    0.047838] Movable zone start for each node
[    0.047863] Early memory node ranges
[    0.047894]   node   0: [mem 0x0000000000001000-0x000000000009efff]
[    0.048060]   node   0: [mem 0x0000000000100000-0x000000003ffdffff]
[    0.048272] Initmem setup node 0 [mem 0x0000000000001000-0x000000003ffdffff]
[    0.049016] On node 0, zone DMA: 1 pages in unavailable ranges
[    0.049248] On node 0, zone DMA: 97 pages in unavailable ranges
[    0.054821] On node 0, zone DMA32: 32 pages in unavailable ranges
[    0.055261] ACPI: PM-Timer IO Port: 0x608
[    0.055723] ACPI: LAPIC_NMI (acpi_id[0xff] dfl dfl lint[0x1])
[    0.056105] IOAPIC[0]: apic_id 0, version 32, address 0xfec00000, GSI 0-23
[    0.056236] ACPI: INT_SRC_OVR (bus 0 bus_irq 0 global_irq 2 dfl dfl)
[    0.056482] ACPI: INT_SRC_OVR (bus 0 bus_irq 5 global_irq 5 high level)
[    0.056532] ACPI: INT_SRC_OVR (bus 0 bus_irq 9 global_irq 9 high level)
[    0.056645] ACPI: INT_SRC_OVR (bus 0 bus_irq 10 global_irq 10 high level)
[    0.056657] ACPI: INT_SRC_OVR (bus 0 bus_irq 11 global_irq 11 high level)
[    0.056846] ACPI: Using ACPI (MADT) for SMP configuration information
[    0.056887] ACPI: HPET id: 0x8086a201 base: 0xfed00000
[    0.057176] smpboot: Allowing 2 CPUs, 0 hotplug CPUs
[    0.058097] PM: hibernation: Registered nosave memory: [mem 0x00000000-0x00000fff]
[    0.058148] PM: hibernation: Registered nosave memory: [mem 0x0009f000-0x0009ffff]
[    0.058184] PM: hibernation: Registered nosave memory: [mem 0x000a0000-0x000effff]
[    0.058191] PM: hibernation: Registered nosave memory: [mem 0x000f0000-0x000fffff]
[    0.058301] [mem 0x40000000-0xfffbffff] available for PCI devices
[    0.058326] Booting paravirtualized kernel on bare hardware
[    0.058638] clocksource: refined-jiffies: mask: 0xffffffff max_cycles: 0xffffffff, max_idle_ns: 1910969940391419 ns
[    0.077799] setup_percpu: NR_CPUS:64 nr_cpumask_bits:2 nr_cpu_ids:2 nr_node_ids:1
[    0.079518] percpu: Embedded 54 pages/cpu s182952 r8192 d30040 u1048576
[    0.081650] Kernel command line: BOOT_IMAGE=/boot/vmlinuz-6.6.52 root=UUID=auto rw console=tty1 console=ttyS0,115200 loglevel=7
[    0.082554] Unknown kernel command line parameters "BOOT_IMAGE=/boot/vmlinuz-6.6.52", will be passed to user space.
[    0.096003] Dentry cache hash table entries: 131072 (order: 8, 1048576 bytes, linear)
[    0.104446] Inode-cache hash table entries: 65536 (order: 7, 524288 bytes, linear)
[    0.107364] Fallback order for Node 0: 0 
[    0.107858] Built 1 zonelists, mobility grouping on.  Total pages: 257760
[    0.107882] Policy zone: DMA32
[    0.108101] mem auto-init: stack:all(zero), heap alloc:off, heap free:off
[    0.115241] Memory: 975920K/1048056K available (24576K kernel code, 3113K rwdata, 9404K rodata, 3060K init, 1348K bss, 71876K reserved, 0K cma-reserved)
[    0.118839] SLUB: HWalign=64, Order=0-3, MinObjects=0, CPUs=2, Nodes=1
[    0.130780] Dynamic Preempt: voluntary
[    0.135886] rcu: Preemptible hierarchical RCU implementation.
[    0.135905] rcu: 	RCU event tracing is enabled.
[    0.135945] rcu: 	RCU restricting CPUs from NR_CPUS=64 to nr_cpu_ids=2.
[    0.136131] 	Trampoline variant of Tasks RCU enabled.
[    0.136286] rcu: RCU calculated value of scheduler-enlistment delay is 100 jiffies.
[    0.136333] rcu: Adjusting geometry for rcu_fanout_leaf=16, nr_cpu_ids=2
[    0.155285] NR_IRQS: 4352, nr_irqs: 440, preallocated irqs: 16
[    0.164203] rcu: srcu_init: Setting srcu_struct sizes based on contention.
[    0.170820] Console: colour VGA+ 80x25
[    0.171172] printk: console [tty1] enabled
[    0.180334] printk: console [ttyS0] enabled
[    0.200552] ACPI: Core revision 20230628
[    0.205438] clocksource: hpet: mask: 0xffffffff max_cycles: 0xffffffff, max_idle_ns: 19112604467 ns
[    0.211634] APIC: Switch to symmetric I/O mode setup
[    0.216016] ..TIMER: vector=0x30 apic1=0 pin1=2 apic2=-1 pin2=-1
[    0.222229] tsc: Marking TSC unstable due to TSCs unsynchronized
[    0.223780] Calibrating delay loop (skipped), value calculated using timer frequency.. 4890.86 BogoMIPS (lpj=2445430)
[    0.227101] process: using AMD E400 aware idle routine
[    0.227520] Last level iTLB entries: 4KB 512, 2MB 255, 4MB 127
[    0.227741] Last level dTLB entries: 4KB 512, 2MB 255, 4MB 127, 1GB 0
[    0.228298] Spectre V1 : Mitigation: usercopy/swapgs barriers and __user pointer sanitization
[    0.228881] Spectre V2 : Mitigation: Retpolines
[    0.229134] Spectre V2 : Spectre v2 / SpectreRSB mitigation: Filling RSB on context switch
[    0.229664] Spectre V2 : Spectre v2 / SpectreRSB : Filling RSB on VMEXIT
[    0.233436] x86/fpu: x87 FPU will use FXSAVE
[    0.434581] Freeing SMP alternatives memory: 48K
[    0.436419] pid_max: default: 32768 minimum: 301
[    0.450285] Mount-cache hash table entries: 2048 (order: 2, 16384 bytes, linear)
[    0.450626] Mountpoint-cache hash table entries: 2048 (order: 2, 16384 bytes, linear)
[    0.601535] smpboot: CPU0: AMD QEMU Virtual CPU version 2.5+ (family: 0xf, model: 0x6b, stepping: 0x1)
[    0.610063] RCU Tasks: Setting shift to 1 and lim to 1 rcu_task_cb_adjust=1.
[    0.610756] Performance Events: PMU not available due to virtualization, using software events only.
[    0.612392] signal: max sigframe size: 1440
[    0.613626] rcu: Hierarchical SRCU implementation.
[    0.613626] rcu: 	Max phase no-delay instances is 400.
[    0.621067] smp: Bringing up secondary CPUs ...
[    0.628408] smpboot: x86: Booting SMP configuration:
[    0.628743] .... node  #0, CPUs:      #1
[    0.046815] calibrate_delay_direct() dropping max bogoMips estimate 1 = 3916861
[    0.701817] smp: Brought up 1 node, 2 CPUs
[    0.702368] smpboot: Max logical packages: 1
[    0.702784] smpboot: Total of 2 processors activated (9904.40 BogoMIPS)
[    0.718912] devtmpfs: initialized
[    0.731017] clocksource: jiffies: mask: 0xffffffff max_cycles: 0xffffffff, max_idle_ns: 1911260446275000 ns
[    0.731946] futex hash table entries: 512 (order: 3, 32768 bytes, linear)
[    0.735411] PM: RTC time: 12:02:10, date: 2026-08-10
[    0.741299] NET: Registered PF_NETLINK/PF_ROUTE protocol family
[    0.744758] audit: initializing netlink subsys (disabled)
[    0.745626] audit: type=2000 audit(1786363330.534:1): state=initialized audit_enabled=0 res=1
[    0.748200] thermal_sys: Registered thermal governor 'step_wise'
[    0.748336] thermal_sys: Registered thermal governor 'user_space'
[    0.750959] cpuidle: using governor menu
[    0.756733] PCI: Using configuration type 1 for base access
[    0.758889] mtrr: your CPUs had inconsistent fixed MTRR settings
[    0.759282] mtrr: your CPUs had inconsistent variable MTRR settings
[    0.759726] mtrr: your CPUs had inconsistent MTRRdefType settings
[    0.759982] mtrr: probably your BIOS does not setup all CPUs.
[    0.760319] mtrr: corrected configuration.
[    0.762456] kprobes: kprobe jump-optimization is enabled. All kprobes are optimized if possible.
[    0.767471] HugeTLB: registered 2.00 MiB page size, pre-allocated 0 pages
[    0.769840] HugeTLB: 28 KiB vmemmap can be freed for a 2.00 MiB page
[    0.779953] ACPI: Added _OSI(Module Device)
[    0.780354] ACPI: Added _OSI(Processor Device)
[    0.780653] ACPI: Added _OSI(3.0 _SCP Extensions)
[    0.780987] ACPI: Added _OSI(Processor Aggregator Device)
[    0.803587] ACPI: 1 ACPI AML tables successfully acquired and loaded
[    0.825960] ACPI: _OSC evaluation for CPUs failed, trying _PDC
[    0.830022] ACPI: Interpreter enabled
[    0.832169] ACPI: PM: (supports S0 S3 S4 S5)
[    0.832696] ACPI: Using IOAPIC for interrupt routing
[    0.833728] PCI: Using host bridge windows from ACPI; if necessary, use "pci=nocrs" and report a bug
[    0.834692] PCI: Using E820 reservations for host bridge windows
[    0.838626] ACPI: Enabled 2 GPEs in block 00 to 0F
[    0.895300] ACPI: PCI Root Bridge [PCI0] (domain 0000 [bus 00-ff])
[    0.896964] acpi PNP0A03:00: _OSC: OS supports [ASPM ClockPM Segments MSI HPX-Type3]
[    0.897840] acpi PNP0A03:00: _OSC: not requesting OS control; OS requires [ExtendedConfig ASPM ClockPM MSI]
[    0.899962] acpi PNP0A03:00: fail to add MMCONFIG information, can't access extended configuration space under this bridge
[    0.905626] PCI host bridge to bus 0000:00
[    0.905626] pci_bus 0000:00: root bus resource [io  0x0000-0x0cf7 window]
[    0.905685] pci_bus 0000:00: root bus resource [io  0x0d00-0xffff window]
[    0.905770] pci_bus 0000:00: root bus resource [mem 0x000a0000-0x000bffff window]
[    0.906649] pci_bus 0000:00: root bus resource [mem 0x40000000-0xfebfffff window]
[    0.907229] pci_bus 0000:00: root bus resource [mem 0x100000000-0x17fffffff window]
[    0.908030] pci_bus 0000:00: root bus resource [bus 00-ff]
[    0.911109] pci 0000:00:00.0: [8086:1237] type 00 class 0x060000
[    0.918302] pci 0000:00:01.0: [8086:7000] type 00 class 0x060100
[    0.919818] pci 0000:00:01.1: [8086:7010] type 00 class 0x010180
[    0.924626] pci 0000:00:01.1: reg 0x20: [io  0xc040-0xc04f]
[    0.925170] pci 0000:00:01.1: legacy IDE quirk: reg 0x10: [io  0x01f0-0x01f7]
[    0.925828] pci 0000:00:01.1: legacy IDE quirk: reg 0x14: [io  0x03f6]
[    0.926653] pci 0000:00:01.1: legacy IDE quirk: reg 0x18: [io  0x0170-0x0177]
[    0.927133] pci 0000:00:01.1: legacy IDE quirk: reg 0x1c: [io  0x0376]
[    0.928759] pci 0000:00:01.3: [8086:7113] type 00 class 0x068000
[    0.928826] pci 0000:00:01.3: quirk: [io  0x0600-0x063f] claimed by PIIX4 ACPI
[    0.929730] pci 0000:00:01.3: quirk: [io  0x0700-0x070f] claimed by PIIX4 SMB
[    0.931349] pci 0000:00:02.0: [1234:1111] type 00 class 0x030000
[    0.932610] pci 0000:00:02.0: reg 0x10: [mem 0xfd000000-0xfdffffff pref]
[    0.934663] pci 0000:00:02.0: reg 0x18: [mem 0xfebb0000-0xfebb0fff]
[    0.941032] pci 0000:00:02.0: reg 0x30: [mem 0xfeba0000-0xfebaffff pref]
[    0.942058] pci 0000:00:02.0: Video device with shadowed ROM at [mem 0x000c0000-0x000dffff]
[    0.943914] pci 0000:00:03.0: [8086:100e] type 00 class 0x020000
[    0.945096] pci 0000:00:03.0: reg 0x10: [mem 0xfeb80000-0xfeb9ffff]
[    0.945626] pci 0000:00:03.0: reg 0x14: [io  0xc000-0xc03f]
[    0.949626] pci 0000:00:03.0: reg 0x30: [mem 0xfeb00000-0xfeb7ffff pref]
[    0.963121] ACPI: PCI: Interrupt link LNKA configured for IRQ 10
[    0.964524] ACPI: PCI: Interrupt link LNKB configured for IRQ 10
[    0.965984] ACPI: PCI: Interrupt link LNKC configured for IRQ 11
[    0.967199] ACPI: PCI: Interrupt link LNKD configured for IRQ 11
[    0.967626] ACPI: PCI: Interrupt link LNKS configured for IRQ 9
[    0.972178] iommu: Default domain type: Translated
[    0.972790] iommu: DMA domain TLB invalidation policy: lazy mode
[    0.975274] SCSI subsystem initialized
[    0.978292] ACPI: bus type USB registered
[    0.979116] usbcore: registered new interface driver usbfs
[    0.979626] usbcore: registered new interface driver hub
[    0.979626] usbcore: registered new device driver usb
[    0.979626] pps_core: LinuxPPS API ver. 1 registered
[    0.979772] pps_core: Software ver. 5.3.6 - Copyright 2005-2007 Rodolfo Giometti <giometti@linux.it>
[    0.979932] PTP clock support registered
[    0.984467] Advanced Linux Sound Architecture Driver Initialized.
[    1.011704] PCI: Using ACPI for IRQ routing
[    1.017467] pci 0000:00:02.0: vgaarb: setting as boot VGA device
[    1.017626] pci 0000:00:02.0: vgaarb: bridge control possible
[    1.017626] pci 0000:00:02.0: vgaarb: VGA device added: decodes=io+mem,owns=io+mem,locks=none
[    1.017626] vgaarb: loaded
[    1.019207] hpet: 3 channels of 0 reserved for per-cpu timers
[    1.020153] hpet0: at MMIO 0xfed00000, IRQs 2, 8, 0
[    1.020626] hpet0: 3 comparators, 64-bit 100.000000 MHz counter
[    1.043207] clocksource: Switched to clocksource hpet
[    1.499524] VFS: Disk quotas dquot_6.6.0
[    1.500181] VFS: Dquot-cache hash table entries: 512 (order 0, 4096 bytes)
[    1.505622] pnp: PnP ACPI init
[    1.513436] pnp: PnP ACPI: found 6 devices
[    1.565768] clocksource: acpi_pm: mask: 0xffffff max_cycles: 0xffffff, max_idle_ns: 2085701024 ns
[    1.567406] NET: Registered PF_INET protocol family
[    1.571816] IP idents hash table entries: 16384 (order: 5, 131072 bytes, linear)
[    1.571838] hrtimer: interrupt took 2984100 ns
[    1.581216] tcp_listen_portaddr_hash hash table entries: 512 (order: 1, 8192 bytes, linear)
[    1.581660] Table-perturb hash table entries: 65536 (order: 6, 262144 bytes, linear)
[    1.582198] TCP established hash table entries: 8192 (order: 4, 65536 bytes, linear)
[    1.582732] TCP bind hash table entries: 8192 (order: 6, 262144 bytes, linear)
[    1.583506] TCP: Hash tables configured (established 8192 bind 8192)
[    1.584929] UDP hash table entries: 512 (order: 2, 16384 bytes, linear)
[    1.585438] UDP-Lite hash table entries: 512 (order: 2, 16384 bytes, linear)
[    1.587172] NET: Registered PF_UNIX/PF_LOCAL protocol family
[    1.590352] RPC: Registered named UNIX socket transport module.
[    1.590651] RPC: Registered udp transport module.
[    1.591013] RPC: Registered tcp transport module.
[    1.591251] RPC: Registered tcp-with-tls transport module.
[    1.591480] RPC: Registered tcp NFSv4.1 backchannel transport module.
[    1.595177] pci_bus 0000:00: resource 4 [io  0x0000-0x0cf7 window]
[    1.595475] pci_bus 0000:00: resource 5 [io  0x0d00-0xffff window]
[    1.595729] pci_bus 0000:00: resource 6 [mem 0x000a0000-0x000bffff window]
[    1.596207] pci_bus 0000:00: resource 7 [mem 0x40000000-0xfebfffff window]
[    1.596498] pci_bus 0000:00: resource 8 [mem 0x100000000-0x17fffffff window]
[    1.597401] pci 0000:00:01.0: PIIX3: Enabling Passive Release
[    1.597745] pci 0000:00:00.0: Limiting direct PCI/PCI transfers
[    1.598300] PCI: CLS 0 bytes, default 64
[    1.605951] Unpacking initramfs...
[    1.611587] Initialise system trusted keyrings
[    1.614467] workingset: timestamp_bits=56 max_order=18 bucket_order=0
[    1.618179] squashfs: version 4.0 (2009/01/31) Phillip Lougher
[    1.621047] NFS: Registering the id_resolver key type
[    1.621823] Key type id_resolver registered
[    1.621897] Key type id_legacy registered
[    1.623781] 9p: Installing v9fs 9p2000 file system support
[    1.743080] Key type asymmetric registered
[    1.743630] Asymmetric key parser 'x509' registered
[    1.744764] Block layer SCSI generic (bsg) driver version 0.4 loaded (major 251)
[    1.746212] io scheduler mq-deadline registered
[    1.746677] io scheduler kyber registered
[    1.753514] input: Power Button as /devices/LNXSYSTM:00/LNXPWRBN:00/input/input0
[    1.761740] ACPI: button: Power Button [PWRF]
[    1.770177] Serial: 8250/16550 driver, 4 ports, IRQ sharing enabled
[    1.777571] 00:04: ttyS0 at I/O 0x3f8 (irq = 4, base_baud = 115200) is a 16550A
[    1.789351] Non-volatile memory driver v1.3
[    1.790077] Linux agpgart interface v0.103
[    1.793654] ACPI: bus type drm_connector registered
[    1.794820] [drm] amdgpu kernel modesetting enabled.
[    1.798131] bochs-drm 0000:00:02.0: vgaarb: deactivate vga console
[    1.801596] Console: switching to colour dummy device 80x25
[    1.809567] [drm] Found bochs VGA, ID 0xb0c5.
[    1.809923] [drm] Framebuffer size 16384 kB @ 0xfd000000, mmio @ 0xfebb0000.
[    1.816703] [drm] Found EDID data blob.
[    1.826935] [drm] Initialized bochs-drm 1.0.0 20130925 for 0000:00:02.0 on minor 0
[    1.856579] fbcon: bochs-drmdrmfb (fb0) is primary device
[    1.907545] Console: switching to colour frame buffer device 160x50
[    1.936567] bochs-drm 0000:00:02.0: [drm] fb0: bochs-drmdrmfb frame buffer device
[    1.967566] loop: module loaded
[    1.983945] scsi host0: ata_piix
[    1.988622] scsi host1: ata_piix
[    1.989946] ata1: PATA max MWDMA2 cmd 0x1f0 ctl 0x3f6 bmdma 0xc040 irq 14
[    1.990546] ata2: PATA max MWDMA2 cmd 0x170 ctl 0x376 bmdma 0xc048 irq 15
[    2.002488] e100: Intel(R) PRO/100 Network Driver
[    2.003155] e100: Copyright(c) 1999-2006 Intel Corporation
[    2.004058] e1000: Intel(R) PRO/1000 Network Driver
[    2.004481] e1000: Copyright (c) 1999-2006 Intel Corporation.
[    2.093671] Freeing initrd memory: 3600K
[    2.155818] ata2: found unknown device (class 0)
[    2.166727] ata2.00: ATAPI: QEMU DVD-ROM, 2.5+, max UDMA/100
[    2.185973] scsi 1:0:0:0: CD-ROM            QEMU     QEMU DVD-ROM     2.5+ PQ: 0 ANSI: 5
[    2.205426] sr 1:0:0:0: [sr0] scsi3-mmc drive: 4x/4x cd/rw xa/form2 tray
[    2.206582] cdrom: Uniform CD-ROM driver Revision: 3.20
[    2.225323] sr 1:0:0:0: Attached scsi generic sg0 type 5
[    2.250439] ACPI: \_SB_.LNKC: Enabled at IRQ 11
[    2.547298] e1000 0000:00:03.0 eth0: (PCI:33MHz:32-bit) 52:54:00:12:34:56
[    2.548616] e1000 0000:00:03.0 eth0: Intel(R) PRO/1000 Network Connection
[    2.549591] e1000e: Intel(R) PRO/1000 Network Driver
[    2.550041] e1000e: Copyright(c) 1999 - 2015 Intel Corporation.
[    2.550990] sky2: driver version 1.30
[    2.554515] usbcore: registered new interface driver usblp
[    2.566266] usbcore: registered new interface driver usb-storage
[    2.579684] i8042: PNP: PS/2 Controller [PNP0303:KBD,PNP0f13:MOU] at 0x60,0x64 irq 1,12
[    2.590604] serio: i8042 KBD port at 0x60,0x64 irq 1
[    2.597248] serio: i8042 AUX port at 0x60,0x64 irq 12
[    2.608264] rtc_cmos 00:05: RTC can wake from S4
[    2.620112] rtc_cmos 00:05: registered as rtc0
[    2.627785] rtc_cmos 00:05: alarms up to one day, y3k, 242 bytes nvram, hpet irqs
[    2.639387] input: AT Translated Set 2 keyboard as /devices/platform/i8042/serio0/input/input1
[    2.651548] fail to initialize ptp_kvm
[    2.654810] device-mapper: ioctl: 4.48.0-ioctl (2023-03-01) initialised: dm-devel@redhat.com
[    2.676413] hid: raw HID events driver (C) Jiri Kosina
[    2.688445] usbcore: registered new interface driver usbhid
[    2.699137] usbhid: USB HID core driver
[    2.722264] Initializing XFRM netlink socket
[    2.729604] NET: Registered PF_INET6 protocol family
[    2.746709] Segment Routing with IPv6
[    2.756299] In-situ OAM (IOAM) with IPv6
[    2.769069] sit: IPv6, IPv4 and MPLS over IPv4 tunneling driver
[    2.782817] NET: Registered PF_PACKET protocol family
[    2.794106] 9pnet: Installing 9P2000 support
[    2.802382] Key type dns_resolver registered
[    2.814095] IPI shorthand broadcast: enabled
[    2.867661] registered taskstats version 1
[    2.872324] Loading compiled-in X.509 certificates
[    2.892565] PM:   Magic number: 6:995:25
[    2.900166] printk: console [netcon0] enabled
[    2.907130] netconsole: network logging started
[    2.915248] cfg80211: Loading compiled-in X.509 certificates for regulatory database
[    3.013346] modprobe (57) used greatest stack depth: 13880 bytes left
[    3.038930] Loaded X.509 cert 'sforshee: 00b28ddf47aef9cea7'
[    3.045898] Loaded X.509 cert 'wens: 61c038651aabdcf94bd0ac7ff06c7248db18c600'
[    3.056585] Unstable clock detected, switching default tracing clock to "global"
[    3.056585] If you want to keep using the local clock, then add:
[    3.056585]   "trace_clock=local"
[    3.056585] on the kernel command line
[    3.095660] ALSA device list:
[    3.102746] platform regulatory.0: Direct firmware load for regulatory.db failed with error -2
[    3.110011]   No soundcards found.
[    3.133158] cfg80211: failed to load regulatory.db
[    3.249630] Freeing unused kernel image (initmem) memory: 3060K
[    3.261140] Write protecting the kernel read-only data: 34816k
[    3.272211] Freeing unused kernel image (rodata/data gap) memory: 836K
[    3.340173] input: ImExPS/2 Generic Explorer Mouse as /devices/platform/i8042/serio1/input/input3
[    3.558776] x86/mm: Checked W+X mappings: passed, no W+X pages found.
[    3.569320] Run /init as init process
ISO Linux booting...
ISO Linux starting...
mount: mounting sysfs on /sys failed: Resource busy
mount: mounting devtmpfs on /dev failed: Resource busy
Launching scene compositor...
Starting iso-drm compositor...
iso-drm: 1 connectors, 1 crtcs
iso-drm: conn 31 state=1 enc=36 nmodes=15
iso-drm: 1280x800@75 on /dev/dri/card0 (connector type 15)
iso-drm: scene nodes=5
