[    0.000000] Linux version 6.6.52 (root@codespaces-db0244) (gcc (Ubuntu 13.3.0-6ubuntu2~24.04.1) 13.3.0, GNU ld (GNU Binutils for Ubuntu) 2.42) #1 SMP PREEMPT_DYNAMIC Tue Aug 11 13:14:44 UTC 2026
[    0.000000] Command line: console=ttyS0,115200 loglevel=7 autolaunch=iso-demo iso-debug
[    0.000000] BIOS-provided physical RAM map:
[    0.000000] BIOS-e820: [mem 0x0000000000000000-0x000000000009fbff] usable
[    0.000000] BIOS-e820: [mem 0x000000000009fc00-0x000000000009ffff] reserved
[    0.000000] BIOS-e820: [mem 0x00000000000f0000-0x00000000000fffff] reserved
[    0.000000] BIOS-e820: [mem 0x0000000000100000-0x000000001ffdffff] usable
[    0.000000] BIOS-e820: [mem 0x000000001ffe0000-0x000000001fffffff] reserved
[    0.000000] BIOS-e820: [mem 0x00000000fffc0000-0x00000000ffffffff] reserved
[    0.000000] BIOS-e820: [mem 0x000000fd00000000-0x000000ffffffffff] reserved
[    0.000000] NX (Execute Disable) protection: active
[    0.000000] APIC: Static calls initialized
[    0.000000] SMBIOS 3.0.0 present.
[    0.000000] DMI: QEMU Ubuntu 24.04 PC v2 (i440FX + PIIX, arch_caps fix, 1996), BIOS 1.16.3-debian-1.16.3-2 04/01/2014
[    0.000000] tsc: Fast TSC calibration using PIT
[    0.000000] tsc: Detected 2445.380 MHz processor
[    0.010322] last_pfn = 0x1ffe0 max_arch_pfn = 0x400000000
[    0.010941] MTRR map: 4 entries (3 fixed + 1 variable; max 19), built from 8 variable MTRRs
[    0.011109] x86/PAT: Configuration [0-7]: WB  WC  UC- UC  WB  WP  UC- WT  
[    0.025031] found SMP MP-table at [mem 0x000f5480-0x000f548f]
[    0.029637] RAMDISK: [mem 0x1fc4b000-0x1ffdffff]
[    0.030068] ACPI: Early table checksum verification disabled
[    0.030411] ACPI: RSDP 0x00000000000F5290 000014 (v00 BOCHS )
[    0.030692] ACPI: RSDT 0x000000001FFE1C52 000034 (v01 BOCHS  BXPC     00000001 BXPC 00000001)
[    0.031248] ACPI: FACP 0x000000001FFE1B06 000074 (v01 BOCHS  BXPC     00000001 BXPC 00000001)
[    0.031849] ACPI: DSDT 0x000000001FFE0040 001AC6 (v01 BOCHS  BXPC     00000001 BXPC 00000001)
[    0.031935] ACPI: FACS 0x000000001FFE0000 000040
[    0.031988] ACPI: APIC 0x000000001FFE1B7A 000078 (v03 BOCHS  BXPC     00000001 BXPC 00000001)
[    0.032011] ACPI: HPET 0x000000001FFE1BF2 000038 (v01 BOCHS  BXPC     00000001 BXPC 00000001)
[    0.032031] ACPI: WAET 0x000000001FFE1C2A 000028 (v01 BOCHS  BXPC     00000001 BXPC 00000001)
[    0.032130] ACPI: Reserving FACP table memory at [mem 0x1ffe1b06-0x1ffe1b79]
[    0.032153] ACPI: Reserving DSDT table memory at [mem 0x1ffe0040-0x1ffe1b05]
[    0.032161] ACPI: Reserving FACS table memory at [mem 0x1ffe0000-0x1ffe003f]
[    0.032167] ACPI: Reserving APIC table memory at [mem 0x1ffe1b7a-0x1ffe1bf1]
[    0.032172] ACPI: Reserving HPET table memory at [mem 0x1ffe1bf2-0x1ffe1c29]
[    0.032178] ACPI: Reserving WAET table memory at [mem 0x1ffe1c2a-0x1ffe1c51]
[    0.033957] No NUMA configuration found
[    0.033978] Faking a node at [mem 0x0000000000000000-0x000000001ffdffff]
[    0.034540] NODE_DATA(0) allocated [mem 0x1fc47000-0x1fc4afff]
[    0.036627] Zone ranges:
[    0.036650]   DMA      [mem 0x0000000000001000-0x0000000000ffffff]
[    0.036724]   DMA32    [mem 0x0000000001000000-0x000000001ffdffff]
[    0.036735]   Normal   empty
[    0.036757] Movable zone start for each node
[    0.036782] Early memory node ranges
[    0.036812]   node   0: [mem 0x0000000000001000-0x000000000009efff]
[    0.036972]   node   0: [mem 0x0000000000100000-0x000000001ffdffff]
[    0.037195] Initmem setup node 0 [mem 0x0000000000001000-0x000000001ffdffff]
[    0.038840] On node 0, zone DMA: 1 pages in unavailable ranges
[    0.039062] On node 0, zone DMA: 97 pages in unavailable ranges
[    0.050841] On node 0, zone DMA32: 32 pages in unavailable ranges
[    0.051369] ACPI: PM-Timer IO Port: 0x608
[    0.051750] ACPI: LAPIC_NMI (acpi_id[0xff] dfl dfl lint[0x1])
[    0.052154] IOAPIC[0]: apic_id 0, version 32, address 0xfec00000, GSI 0-23
[    0.052280] ACPI: INT_SRC_OVR (bus 0 bus_irq 0 global_irq 2 dfl dfl)
[    0.052518] ACPI: INT_SRC_OVR (bus 0 bus_irq 5 global_irq 5 high level)
[    0.052566] ACPI: INT_SRC_OVR (bus 0 bus_irq 9 global_irq 9 high level)
[    0.052655] ACPI: INT_SRC_OVR (bus 0 bus_irq 10 global_irq 10 high level)
[    0.052665] ACPI: INT_SRC_OVR (bus 0 bus_irq 11 global_irq 11 high level)
[    0.052847] ACPI: Using ACPI (MADT) for SMP configuration information
[    0.052888] ACPI: HPET id: 0x8086a201 base: 0xfed00000
[    0.053200] smpboot: Allowing 1 CPUs, 0 hotplug CPUs
[    0.053957] PM: hibernation: Registered nosave memory: [mem 0x00000000-0x00000fff]
[    0.053996] PM: hibernation: Registered nosave memory: [mem 0x0009f000-0x0009ffff]
[    0.054022] PM: hibernation: Registered nosave memory: [mem 0x000a0000-0x000effff]
[    0.054028] PM: hibernation: Registered nosave memory: [mem 0x000f0000-0x000fffff]
[    0.054154] [mem 0x20000000-0xfffbffff] available for PCI devices
[    0.054180] Booting paravirtualized kernel on bare hardware
[    0.054459] clocksource: refined-jiffies: mask: 0xffffffff max_cycles: 0xffffffff, max_idle_ns: 1910969940391419 ns
[    0.077407] setup_percpu: NR_CPUS:64 nr_cpumask_bits:1 nr_cpu_ids:1 nr_node_ids:1
[    0.081771] percpu: Embedded 54 pages/cpu s182952 r8192 d30040 u2097152
[    0.085244] Kernel command line: console=ttyS0,115200 loglevel=7 autolaunch=iso-demo iso-debug
[    0.086774] Unknown kernel command line parameters "iso-debug autolaunch=iso-demo", will be passed to user space.
[    0.087618] Dentry cache hash table entries: 65536 (order: 7, 524288 bytes, linear)
[    0.087862] Inode-cache hash table entries: 32768 (order: 6, 262144 bytes, linear)
[    0.092323] Fallback order for Node 0: 0 
[    0.093040] Built 1 zonelists, mobility grouping on.  Total pages: 128736
[    0.093126] Policy zone: DMA32
[    0.093527] mem auto-init: stack:all(zero), heap alloc:off, heap free:off
[    0.104706] Memory: 460748K/523768K available (24576K kernel code, 3113K rwdata, 9404K rodata, 3060K init, 1348K bss, 62760K reserved, 0K cma-reserved)
[    0.110950] SLUB: HWalign=64, Order=0-3, MinObjects=0, CPUs=1, Nodes=1
[    0.131819] Dynamic Preempt: voluntary
[    0.138080] rcu: Preemptible hierarchical RCU implementation.
[    0.138126] rcu: 	RCU event tracing is enabled.
[    0.138174] rcu: 	RCU restricting CPUs from NR_CPUS=64 to nr_cpu_ids=1.
[    0.138401] 	Trampoline variant of Tasks RCU enabled.
[    0.138573] rcu: RCU calculated value of scheduler-enlistment delay is 100 jiffies.
[    0.138634] rcu: Adjusting geometry for rcu_fanout_leaf=16, nr_cpu_ids=1
[    0.167922] NR_IRQS: 4352, nr_irqs: 256, preallocated irqs: 16
[    0.185045] rcu: srcu_init: Setting srcu_struct sizes based on contention.
[    0.194890] Console: colour VGA+ 80x25
[    0.196607] printk: console [ttyS0] enabled
[    0.284059] ACPI: Core revision 20230628
[    0.289569] clocksource: hpet: mask: 0xffffffff max_cycles: 0xffffffff, max_idle_ns: 19112604467 ns
[    0.296292] APIC: Switch to symmetric I/O mode setup
[    0.301858] ..TIMER: vector=0x30 apic1=0 pin1=2 apic2=-1 pin2=-1
[    0.308337] clocksource: tsc-early: mask: 0xffffffffffffffff max_cycles: 0x233fac594c8, max_idle_ns: 440795320490 ns
[    0.310356] Calibrating delay loop (skipped), value calculated using timer frequency.. 4890.76 BogoMIPS (lpj=2445380)
[    0.314351] process: using AMD E400 aware idle routine
[    0.315249] Last level iTLB entries: 4KB 512, 2MB 255, 4MB 127
[    0.316069] Last level dTLB entries: 4KB 512, 2MB 255, 4MB 127, 1GB 0
[    0.317323] Spectre V1 : Mitigation: usercopy/swapgs barriers and __user pointer sanitization
[    0.318171] Spectre V2 : Mitigation: Retpolines
[    0.319054] Spectre V2 : Spectre v2 / SpectreRSB mitigation: Filling RSB on context switch
[    0.320052] Spectre V2 : Spectre v2 / SpectreRSB : Filling RSB on VMEXIT
[    0.321798] x86/fpu: x87 FPU will use FXSAVE
[    0.727826] Freeing SMP alternatives memory: 48K
[    0.729256] pid_max: default: 32768 minimum: 301
[    0.739080] Mount-cache hash table entries: 1024 (order: 1, 8192 bytes, linear)
[    0.740108] Mountpoint-cache hash table entries: 1024 (order: 1, 8192 bytes, linear)
[    0.875024] smpboot: CPU0: AMD QEMU Virtual CPU version 2.5+ (family: 0xf, model: 0x6b, stepping: 0x1)
[    0.885212] RCU Tasks: Setting shift to 0 and lim to 1 rcu_task_cb_adjust=1.
[    0.886452] Performance Events: PMU not available due to virtualization, using software events only.
[    0.889354] signal: max sigframe size: 1440
[    0.890944] rcu: Hierarchical SRCU implementation.
[    0.891059] rcu: 	Max phase no-delay instances is 400.
[    0.898954] smp: Bringing up secondary CPUs ...
[    0.901880] smp: Brought up 1 node, 1 CPU
[    0.902366] smpboot: Max logical packages: 1
[    0.903749] smpboot: Total of 1 processors activated (4890.76 BogoMIPS)
[    0.918081] devtmpfs: initialized
[    0.928360] clocksource: jiffies: mask: 0xffffffff max_cycles: 0xffffffff, max_idle_ns: 1911260446275000 ns
[    0.930323] futex hash table entries: 256 (order: 2, 16384 bytes, linear)
[    0.933211] PM: RTC time: 14:54:53, date: 2026-08-11
[    0.939172] NET: Registered PF_NETLINK/PF_ROUTE protocol family
[    0.943314] audit: initializing netlink subsys (disabled)
[    0.947408] audit: type=2000 audit(1786460092.650:1): state=initialized audit_enabled=0 res=1
[    0.951410] thermal_sys: Registered thermal governor 'step_wise'
[    0.951443] thermal_sys: Registered thermal governor 'user_space'
[    0.952611] cpuidle: using governor menu
[    0.958446] PCI: Using configuration type 1 for base access
[    0.962529] kprobes: kprobe jump-optimization is enabled. All kprobes are optimized if possible.
[    0.968164] HugeTLB: registered 2.00 MiB page size, pre-allocated 0 pages
[    0.969033] HugeTLB: 28 KiB vmemmap can be freed for a 2.00 MiB page
[    0.988523] ACPI: Added _OSI(Module Device)
[    0.989054] ACPI: Added _OSI(Processor Device)
[    0.989678] ACPI: Added _OSI(3.0 _SCP Extensions)
[    0.990024] ACPI: Added _OSI(Processor Aggregator Device)
[    1.020077] ACPI: 1 ACPI AML tables successfully acquired and loaded
[    1.050447] ACPI: _OSC evaluation for CPUs failed, trying _PDC
[    1.055422] ACPI: Interpreter enabled
[    1.060669] ACPI: PM: (supports S0 S3 S4 S5)
[    1.061094] ACPI: Using IOAPIC for interrupt routing
[    1.064218] PCI: Using host bridge windows from ACPI; if necessary, use "pci=nocrs" and report a bug
[    1.065064] PCI: Using E820 reservations for host bridge windows
[    1.070003] ACPI: Enabled 2 GPEs in block 00 to 0F
[    1.141953] ACPI: PCI Root Bridge [PCI0] (domain 0000 [bus 00-ff])
[    1.143492] acpi PNP0A03:00: _OSC: OS supports [ASPM ClockPM Segments MSI HPX-Type3]
[    1.144160] acpi PNP0A03:00: _OSC: not requesting OS control; OS requires [ExtendedConfig ASPM ClockPM MSI]
[    1.153450] acpi PNP0A03:00: fail to add MMCONFIG information, can't access extended configuration space under this bridge
[    1.157497] PCI host bridge to bus 0000:00
[    1.158241] pci_bus 0000:00: root bus resource [io  0x0000-0x0cf7 window]
[    1.159055] pci_bus 0000:00: root bus resource [io  0x0d00-0xffff window]
[    1.160035] pci_bus 0000:00: root bus resource [mem 0x000a0000-0x000bffff window]
[    1.164780] pci_bus 0000:00: root bus resource [mem 0x20000000-0xfebfffff window]
[    1.165039] pci_bus 0000:00: root bus resource [mem 0x100000000-0x17fffffff window]
[    1.166324] pci_bus 0000:00: root bus resource [bus 00-ff]
[    1.180557] pci 0000:00:00.0: [8086:1237] type 00 class 0x060000
[    1.185700] pci 0000:00:01.0: [8086:7000] type 00 class 0x060100
[    1.187210] pci 0000:00:01.1: [8086:7010] type 00 class 0x010180
[    1.191258] pci 0000:00:01.1: reg 0x20: [io  0xc040-0xc04f]
[    1.193045] pci 0000:00:01.1: legacy IDE quirk: reg 0x10: [io  0x01f0-0x01f7]
[    1.193936] pci 0000:00:01.1: legacy IDE quirk: reg 0x14: [io  0x03f6]
[    1.194924] pci 0000:00:01.1: legacy IDE quirk: reg 0x18: [io  0x0170-0x0177]
[    1.195046] pci 0000:00:01.1: legacy IDE quirk: reg 0x1c: [io  0x0376]
[    1.206070] pci 0000:00:01.3: [8086:7113] type 00 class 0x068000
[    1.207338] pci 0000:00:01.3: quirk: [io  0x0600-0x063f] claimed by PIIX4 ACPI
[    1.208053] pci 0000:00:01.3: quirk: [io  0x0700-0x070f] claimed by PIIX4 SMB
[    1.216949] pci 0000:00:02.0: [1234:1111] type 00 class 0x030000
[    1.218330] pci 0000:00:02.0: reg 0x10: [mem 0xfd000000-0xfdffffff pref]
[    1.221044] pci 0000:00:02.0: reg 0x18: [mem 0xfebb0000-0xfebb0fff]
[    1.225043] pci 0000:00:02.0: reg 0x30: [mem 0xfeba0000-0xfebaffff pref]
[    1.237850] pci 0000:00:02.0: Video device with shadowed ROM at [mem 0x000c0000-0x000dffff]
[    1.239053] pci 0000:00:03.0: [8086:100e] type 00 class 0x020000
[    1.240685] pci 0000:00:03.0: reg 0x10: [mem 0xfeb80000-0xfeb9ffff]
[    1.242339] pci 0000:00:03.0: reg 0x14: [io  0xc000-0xc03f]
[    1.246049] pci 0000:00:03.0: reg 0x30: [mem 0xfeb00000-0xfeb7ffff pref]
[    1.267158] ACPI: PCI: Interrupt link LNKA configured for IRQ 10
[    1.277740] ACPI: PCI: Interrupt link LNKB configured for IRQ 10
[    1.279329] ACPI: PCI: Interrupt link LNKC configured for IRQ 11
[    1.280439] ACPI: PCI: Interrupt link LNKD configured for IRQ 11
[    1.281212] ACPI: PCI: Interrupt link LNKS configured for IRQ 9
[    1.285540] iommu: Default domain type: Translated
[    1.286073] iommu: DMA domain TLB invalidation policy: lazy mode
[    1.299183] SCSI subsystem initialized
[    1.301458] ACPI: bus type USB registered
[    1.302396] usbcore: registered new interface driver usbfs
[    1.303299] usbcore: registered new interface driver hub
[    1.315284] usbcore: registered new device driver usb
[    1.316398] pps_core: LinuxPPS API ver. 1 registered
[    1.317039] pps_core: Software ver. 5.3.6 - Copyright 2005-2007 Rodolfo Giometti <giometti@linux.it>
[    1.318114] PTP clock support registered
[    1.321206] Advanced Linux Sound Architecture Driver Initialized.
[    1.354477] PCI: Using ACPI for IRQ routing
[    1.359382] pci 0000:00:02.0: vgaarb: setting as boot VGA device
[    1.360024] pci 0000:00:02.0: vgaarb: bridge control possible
[    1.360024] pci 0000:00:02.0: vgaarb: VGA device added: decodes=io+mem,owns=io+mem,locks=none
[    1.360072] vgaarb: loaded
[    1.372254] hpet: 3 channels of 0 reserved for per-cpu timers
[    1.373288] hpet0: at MMIO 0xfed00000, IRQs 2, 8, 0
[    1.374033] hpet0: 3 comparators, 64-bit 100.000000 MHz counter
[    1.379517] clocksource: Switched to clocksource tsc-early
[    1.395383] VFS: Disk quotas dquot_6.6.0
[    1.396173] VFS: Dquot-cache hash table entries: 512 (order 0, 4096 bytes)
[    1.399775] pnp: PnP ACPI init
[    1.413538] pnp: PnP ACPI: found 6 devices
[    1.449275] clocksource: acpi_pm: mask: 0xffffff max_cycles: 0xffffff, max_idle_ns: 2085701024 ns
[    1.458692] NET: Registered PF_INET protocol family
[    1.461018] IP idents hash table entries: 8192 (order: 4, 65536 bytes, linear)
[    1.485676] tcp_listen_portaddr_hash hash table entries: 256 (order: 0, 4096 bytes, linear)
[    1.487552] Table-perturb hash table entries: 65536 (order: 6, 262144 bytes, linear)
[    1.488735] TCP established hash table entries: 4096 (order: 3, 32768 bytes, linear)
[    1.490267] TCP bind hash table entries: 4096 (order: 5, 131072 bytes, linear)
[    1.491729] TCP: Hash tables configured (established 4096 bind 4096)
[    1.503805] UDP hash table entries: 256 (order: 1, 8192 bytes, linear)
[    1.505199] UDP-Lite hash table entries: 256 (order: 1, 8192 bytes, linear)
[    1.507561] NET: Registered PF_UNIX/PF_LOCAL protocol family
[    1.510804] RPC: Registered named UNIX socket transport module.
[    1.511719] RPC: Registered udp transport module.
[    1.512460] RPC: Registered tcp transport module.
[    1.513155] RPC: Registered tcp-with-tls transport module.
[    1.513882] RPC: Registered tcp NFSv4.1 backchannel transport module.
[    1.528425] pci_bus 0000:00: resource 4 [io  0x0000-0x0cf7 window]
[    1.528983] pci_bus 0000:00: resource 5 [io  0x0d00-0xffff window]
[    1.530177] pci_bus 0000:00: resource 6 [mem 0x000a0000-0x000bffff window]
[    1.531158] pci_bus 0000:00: resource 7 [mem 0x20000000-0xfebfffff window]
[    1.532077] pci_bus 0000:00: resource 8 [mem 0x100000000-0x17fffffff window]
[    1.543289] pci 0000:00:01.0: PIIX3: Enabling Passive Release
[    1.544273] pci 0000:00:00.0: Limiting direct PCI/PCI transfers
[    1.545319] PCI: CLS 0 bytes, default 64
[    1.561651] Unpacking initramfs...
[    2.194472] Freeing initrd memory: 3668K
[    2.208555] Initialise system trusted keyrings
[    2.212276] workingset: timestamp_bits=56 max_order=17 bucket_order=0
[    2.215470] squashfs: version 4.0 (2009/01/31) Phillip Lougher
[    2.217828] NFS: Registering the id_resolver key type
[    2.219175] Key type id_resolver registered
[    2.219770] Key type id_legacy registered
[    2.219981] 9p: Installing v9fs 9p2000 file system support
[    2.280910] Key type asymmetric registered
[    2.281668] Asymmetric key parser 'x509' registered
[    2.282755] Block layer SCSI generic (bsg) driver version 0.4 loaded (major 251)
[    2.284495] io scheduler mq-deadline registered
[    2.285256] io scheduler kyber registered
[    2.289141] input: Power Button as /devices/LNXSYSTM:00/LNXPWRBN:00/input/input0
[    2.294832] ACPI: button: Power Button [PWRF]
[    2.299816] Serial: 8250/16550 driver, 4 ports, IRQ sharing enabled
[    2.310817] 00:04: ttyS0 at I/O 0x3f8 (irq = 4, base_baud = 115200) is a 16550A
[    2.318631] Non-volatile memory driver v1.3
[    2.319471] Linux agpgart interface v0.103
[    2.322150] ACPI: bus type drm_connector registered
[    2.323219] [drm] amdgpu kernel modesetting enabled.
[    2.325562] bochs-drm 0000:00:02.0: vgaarb: deactivate vga console
[    2.328275] Console: switching to colour dummy device 80x25
[    2.333424] [drm] Found bochs VGA, ID 0xb0c5.
[    2.334095] [drm] Framebuffer size 16384 kB @ 0xfd000000, mmio @ 0xfebb0000.
[    2.338575] [drm] Found EDID data blob.
[    2.345188] [drm] Initialized bochs-drm 1.0.0 20130925 for 0000:00:02.0 on minor 0
[    2.367629] fbcon: bochs-drmdrmfb (fb0) is primary device
[    2.399669] Console: switching to colour frame buffer device 160x50
[    2.417367] bochs-drm 0000:00:02.0: [drm] fb0: bochs-drmdrmfb frame buffer device
[    2.436511] loop: module loaded
[    2.446714] scsi host0: ata_piix
[    2.448868] scsi host1: ata_piix
[    2.449889] ata1: PATA max MWDMA2 cmd 0x1f0 ctl 0x3f6 bmdma 0xc040 irq 14
[    2.451159] ata2: PATA max MWDMA2 cmd 0x170 ctl 0x376 bmdma 0xc048 irq 15
[    2.458446] e100: Intel(R) PRO/100 Network Driver
[    2.459171] e100: Copyright(c) 1999-2006 Intel Corporation
[    2.460056] e1000: Intel(R) PRO/1000 Network Driver
[    2.460717] e1000: Copyright (c) 1999-2006 Intel Corporation.
[    2.568205] tsc: Refined TSC clocksource calibration: 2445.431 MHz
[    2.569507] clocksource: tsc: mask: 0xffffffffffffffff max_cycles: 0x233fdc46f83, max_idle_ns: 440795225539 ns
[    2.572137] clocksource: Switched to clocksource tsc
[    2.615310] ata2: found unknown device (class 0)
[    2.627697] ata2.00: ATAPI: QEMU DVD-ROM, 2.5+, max UDMA/100
[    2.663145] scsi 1:0:0:0: CD-ROM            QEMU     QEMU DVD-ROM     2.5+ PQ: 0 ANSI: 5
[    2.692708] ACPI: \_SB_.LNKC: Enabled at IRQ 11
[    2.701310] sr 1:0:0:0: [sr0] scsi3-mmc drive: 4x/4x cd/rw xa/form2 tray
[    2.702366] cdrom: Uniform CD-ROM driver Revision: 3.20
[    2.722268] sr 1:0:0:0: Attached scsi generic sg0 type 5
[    3.005749] e1000 0000:00:03.0 eth0: (PCI:33MHz:32-bit) 52:54:00:12:34:56
[    3.011127] e1000 0000:00:03.0 eth0: Intel(R) PRO/1000 Network Connection
[    3.013607] e1000e: Intel(R) PRO/1000 Network Driver
[    3.015517] e1000e: Copyright(c) 1999 - 2015 Intel Corporation.
[    3.017879] sky2: driver version 1.30
[    3.020667] usbcore: registered new interface driver usblp
[    3.022531] usbcore: registered new interface driver usb-storage
[    3.024690] i8042: PNP: PS/2 Controller [PNP0303:KBD,PNP0f13:MOU] at 0x60,0x64 irq 1,12
[    3.030683] serio: i8042 KBD port at 0x60,0x64 irq 1
[    3.032752] serio: i8042 AUX port at 0x60,0x64 irq 12
[    3.037633] input: AT Translated Set 2 keyboard as /devices/platform/i8042/serio0/input/input1
[    3.040190] rtc_cmos 00:05: RTC can wake from S4
[    3.046800] rtc_cmos 00:05: registered as rtc0
[    3.049862] rtc_cmos 00:05: alarms up to one day, y3k, 242 bytes nvram, hpet irqs
[    3.052746] fail to initialize ptp_kvm
[    3.053485] device-mapper: ioctl: 4.48.0-ioctl (2023-03-01) initialised: dm-devel@redhat.com
[    3.055847] hid: raw HID events driver (C) Jiri Kosina
[    3.058461] usbcore: registered new interface driver usbhid
[    3.059314] usbhid: USB HID core driver
[    3.068015] Initializing XFRM netlink socket
[    3.069070] NET: Registered PF_INET6 protocol family
[    3.076613] Segment Routing with IPv6
[    3.077429] In-situ OAM (IOAM) with IPv6
[    3.079144] sit: IPv6, IPv4 and MPLS over IPv4 tunneling driver
[    3.082564] NET: Registered PF_PACKET protocol family
[    3.085063] 9pnet: Installing 9P2000 support
[    3.086137] Key type dns_resolver registered
[    3.088673] IPI shorthand broadcast: enabled
[    3.127444] sched_clock: Marking stable (3018075738, 108905548)->(3154001049, -27019763)
[    3.130634] registered taskstats version 1
[    3.131415] Loading compiled-in X.509 certificates
[    3.144459] PM:   Magic number: 6:215:940
[    3.145927] printk: console [netcon0] enabled
[    3.146743] netconsole: network logging started
[    3.148714] cfg80211: Loading compiled-in X.509 certificates for regulatory database
[    3.242816] modprobe (49) used greatest stack depth: 13880 bytes left
[    3.265862] Loaded X.509 cert 'sforshee: 00b28ddf47aef9cea7'
[    3.267645] Loaded X.509 cert 'wens: 61c038651aabdcf94bd0ac7ff06c7248db18c600'
[    3.271088] ALSA device list:
[    3.271832] platform regulatory.0: Direct firmware load for regulatory.db failed with error -2
[    3.273765]   No soundcards found.
[    3.275402] cfg80211: failed to load regulatory.db
[    3.351493] Freeing unused kernel image (initmem) memory: 3060K
[    3.352663] Write protecting the kernel read-only data: 34816k
[    3.355506] Freeing unused kernel image (rodata/data gap) memory: 836K
[    3.630445] x86/mm: Checked W+X mappings: passed, no W+X pages found.
[    3.632599] Run /init as init process
ISO Linux booting...
ISO Linux starting...
mount: mounting sysfs on /sys failed: Resource busy
mount: mounting devtmpfs on /dev failed: Resource busy
Launching scene compositor...
Starting iso-drm compositor...
iso-drm: 1 connectors, 1 crtcs
iso-drm: conn 31 state=1 enc=36 nmodes=15
iso-drm: 1280x800@75 on /dev/dri/card0 (connector type 15)
[    3.833327] input: ImExPS/2 Generic Explorer Mouse as /devices/platform/i8042/serio1/input/input3
iso-drm: spawned 'iso-demo' pid=83
iso-drm: scene nodes=6
iso-demo: start port=39747
iso-demo: connected, waiting for welcome
iso-drm: app 83 joined layer 1
iso-demo: welcomed
iso-demo: window built content=40004
iso-drm: D frames=1 anims=0 damage=1 pxFb=0x1A1A2E/0x1A1A2E pxDumb=0x1A1A2E flips=1/0 cur=1
iso-drm: D frames=32 anims=0 damage=0 pxFb=0x202020/0x3C3C3C pxDumb=0x202020 flips=9/0 cur=1
iso-drm: D frames=81 anims=0 damage=0 pxFb=0x202020/0x3C3C3C pxDumb=0x202020 flips=9/0 cur=1
iso-drm: D frames=130 anims=0 damage=0 pxFb=0x202020/0x3C3C3C pxDumb=0x202020 flips=9/0 cur=1
iso-drm: D frames=179 anims=0 damage=0 pxFb=0x202020/0x3C3C3C pxDumb=0x202020 flips=9/0 cur=1
iso-drm: D frames=228 anims=0 damage=0 pxFb=0x202020/0x3C3C3C pxDumb=0x1F1F21 flips=10/0 cur=0
iso-drm: D frames=277 anims=0 damage=0 pxFb=0x202020/0x3C3C3C pxDumb=0x1F1F21 flips=10/0 cur=0
iso-drm: D frames=326 anims=0 damage=0 pxFb=0x202020/0x3C3C3C pxDumb=0x1F1F21 flips=10/0 cur=0
iso-drm: D frames=375 anims=0 damage=0 pxFb=0x202020/0x3C3C3C pxDumb=0x1F1F21 flips=10/0 cur=0
iso-drm: D frames=424 anims=0 damage=0 pxFb=0x202020/0x3C3C3C pxDumb=0x1F1F21 flips=10/0 cur=0
iso-drm: D frames=473 anims=0 damage=0 pxFb=0x202020/0x3C3C3C pxDumb=0x1F1F21 flips=10/0 cur=0
iso-drm: D frames=522 anims=0 damage=0 pxFb=0x202020/0x3C3C3C pxDumb=0x1F1F21 flips=10/0 cur=0
iso-drm: D frames=571 anims=0 damage=0 pxFb=0x202020/0x3C3C3C pxDumb=0x1F1F21 flips=10/0 cur=0
iso-drm: D frames=620 anims=0 damage=0 pxFb=0x202020/0x3C3C3C pxDumb=0x1F1F21 flips=10/0 cur=0
iso-drm: D frames=669 anims=0 damage=0 pxFb=0x202020/0x3C3C3C pxDumb=0x1F1F21 flips=10/0 cur=0
iso-drm: D frames=718 anims=0 damage=0 pxFb=0x202020/0x3C3C3C pxDumb=0x1F1F21 flips=10/0 cur=0
iso-drm: D frames=767 anims=0 damage=0 pxFb=0x202020/0x3C3C3C pxDumb=0x1F1F21 flips=10/0 cur=0
iso-drm: D frames=816 anims=0 damage=0 pxFb=0x202020/0x3C3C3C pxDumb=0x1F1F21 flips=10/0 cur=0
iso-drm: D frames=865 anims=0 damage=0 pxFb=0x202020/0x3C3C3C pxDumb=0x1F1F21 flips=10/0 cur=0
iso-drm: D frames=914 anims=0 damage=0 pxFb=0x202020/0x3C3C3C pxDumb=0x1F1F21 flips=10/0 cur=0
iso-drm: D frames=963 anims=0 damage=0 pxFb=0x202020/0x3C3C3C pxDumb=0x1F1F21 flips=10/0 cur=0
iso-drm: D frames=1012 anims=0 damage=0 pxFb=0x202020/0x3C3C3C pxDumb=0x1F1F21 flips=10/0 cur=0
iso-drm: D frames=1061 anims=0 damage=0 pxFb=0x202020/0x3C3C3C pxDumb=0x1F1F21 flips=10/0 cur=0
iso-drm: D frames=1110 anims=0 damage=0 pxFb=0x202020/0x3C3C3C pxDumb=0x1F1F21 flips=10/0 cur=0
iso-drm: D frames=1159 anims=0 damage=0 pxFb=0x202020/0x3C3C3C pxDumb=0x1F1F21 flips=10/0 cur=0
iso-drm: D frames=1208 anims=0 damage=0 pxFb=0x202020/0x3C3C3C pxDumb=0x1F1F21 flips=10/0 cur=0
iso-drm: D frames=1257 anims=0 damage=0 pxFb=0x202020/0x3C3C3C pxDumb=0x1F1F21 flips=10/0 cur=0
iso-drm: D frames=1306 anims=0 damage=0 pxFb=0x202020/0x3C3C3C pxDumb=0x1F1F21 flips=10/0 cur=0
iso-drm: D frames=1355 anims=0 damage=0 pxFb=0x202020/0x3C3C3C pxDumb=0x1F1F21 flips=10/0 cur=0
iso-drm: D frames=1404 anims=0 damage=0 pxFb=0x202020/0x3C3C3C pxDumb=0x1F1F21 flips=10/0 cur=0
iso-drm: D frames=1453 anims=0 damage=0 pxFb=0x202020/0x3C3C3C pxDumb=0x1F1F21 flips=10/0 cur=0
iso-drm: D frames=1502 anims=0 damage=0 pxFb=0x202020/0x3C3C3C pxDumb=0x1F1F21 flips=10/0 cur=0
iso-drm: D frames=1551 anims=0 damage=0 pxFb=0x202020/0x3C3C3C pxDumb=0x1F1F21 flips=10/0 cur=0
iso-drm: D frames=1600 anims=0 damage=0 pxFb=0x202020/0x3C3C3C pxDumb=0x1F1F21 flips=10/0 cur=0
iso-drm: D frames=1649 anims=0 damage=0 pxFb=0x202020/0x3C3C3C pxDumb=0x1F1F21 flips=10/0 cur=0
iso-drm: D frames=1698 anims=0 damage=0 pxFb=0x202020/0x3C3C3C pxDumb=0x1F1F21 flips=10/0 cur=0
iso-drm: D frames=1747 anims=0 damage=0 pxFb=0x202020/0x3C3C3C pxDumb=0x1F1F21 flips=10/0 cur=0
iso-drm: D frames=1796 anims=0 damage=0 pxFb=0x202020/0x3C3C3C pxDumb=0x1F1F21 flips=10/0 cur=0
iso-drm: D frames=1845 anims=0 damage=0 pxFb=0x202020/0x3C3C3C pxDumb=0x1F1F21 flips=10/0 cur=0
iso-drm: D frames=1894 anims=0 damage=0 pxFb=0x202020/0x3C3C3C pxDumb=0x1F1F21 flips=10/0 cur=0
iso-drm: D frames=1943 anims=0 damage=0 pxFb=0x202020/0x3C3C3C pxDumb=0x1F1F21 flips=10/0 cur=0
iso-drm: D frames=1992 anims=0 damage=0 pxFb=0x202020/0x3C3C3C pxDumb=0x1F1F21 flips=10/0 cur=0
iso-drm: D frames=2041 anims=0 damage=0 pxFb=0x202020/0x3C3C3C pxDumb=0x1F1F21 flips=10/0 cur=0
